
Running 30 tests using 1 worker

  ✘   1 [forex-admin-ui] › e2e/forex-admin/ui-navigation.spec.ts:67:9 › Forex Admin UI navigation › page loads /forex (49.9s)
  ✘   2 [forex-admin-ui] › e2e/forex-admin/ui-navigation.spec.ts:67:9 › Forex Admin UI navigation › page loads /forex/command (51.2s)
  ✘   3 [forex-admin-ui] › e2e/forex-admin/ui-navigation.spec.ts:67:9 › Forex Admin UI navigation › page loads /forex/instruments (53.3s)
  ✘   4 [forex-admin-ui] › e2e/forex-admin/ui-navigation.spec.ts:67:9 › Forex Admin UI navigation › page loads /forex/sessions (59.0s)
  ✘   5 [forex-admin-ui] › e2e/forex-admin/ui-navigation.spec.ts:67:9 › Forex Admin UI navigation › page loads /forex/market-data (52.5s)
  ✘   6 [forex-admin-ui] › e2e/forex-admin/ui-navigation.spec.ts:67:9 › Forex Admin UI navigation › page loads /forex/orders (47.4s)
  ✘   7 [forex-admin-ui] › e2e/forex-admin/ui-navigation.spec.ts:67:9 › Forex Admin UI navigation › page loads /forex/executions (50.1s)
  ✘   8 [forex-admin-ui] › e2e/forex-admin/ui-navigation.spec.ts:67:9 › Forex Admin UI navigation › page loads /forex/positions (47.0s)
  ✘   9 [forex-admin-ui] › e2e/forex-admin/ui-navigation.spec.ts:67:9 › Forex Admin UI navigation › page loads /forex/protection (53.3s)
  ✘  10 [forex-admin-ui] › e2e/forex-admin/ui-navigation.spec.ts:67:9 › Forex Admin UI navigation › page loads /forex/margin-risk (51.7s)
  ✘  11 [forex-admin-ui] › e2e/forex-admin/ui-navigation.spec.ts:67:9 › Forex Admin UI navigation › page loads /forex/liquidation (50.0s)
  ✘  12 [forex-admin-ui] › e2e/forex-admin/ui-navigation.spec.ts:67:9 › Forex Admin UI navigation › page loads /forex/dealing (49.4s)
  ✘  13 [forex-admin-ui] › e2e/forex-admin/ui-navigation.spec.ts:67:9 › Forex Admin UI navigation › page loads /forex/fees-swaps (52.1s)
  ✘  14 [forex-admin-ui] › e2e/forex-admin/ui-navigation.spec.ts:67:9 › Forex Admin UI navigation › page loads /forex/accounts (50.6s)
  ✘  15 [forex-admin-ui] › e2e/forex-admin/ui-navigation.spec.ts:67:9 › Forex Admin UI navigation › page loads /forex/account-groups (52.5s)
  ✘  16 [forex-admin-ui] › e2e/forex-admin/ui-navigation.spec.ts:67:9 › Forex Admin UI navigation › page loads /forex/crm/leads (51.1s)
  ✘  17 [forex-admin-ui] › e2e/forex-admin/ui-navigation.spec.ts:67:9 › Forex Admin UI navigation › page loads /forex/crm/clients (54.7s)
  ✘  18 [forex-admin-ui] › e2e/forex-admin/ui-navigation.spec.ts:67:9 › Forex Admin UI navigation › page loads /forex/crm/finance (51.8s)
  ✘  19 [forex-admin-ui] › e2e/forex-admin/ui-navigation.spec.ts:67:9 › Forex Admin UI navigation › page loads /forex/crm/tasks (52.7s)
  ✘  20 [forex-admin-ui] › e2e/forex-admin/ui-navigation.spec.ts:67:9 › Forex Admin UI navigation › page loads /forex/crm/pipeline (53.3s)
  ✘  21 [forex-admin-ui] › e2e/forex-admin/ui-navigation.spec.ts:67:9 › Forex Admin UI navigation › page loads /forex/reporting (49.4s)
  ✘  22 [forex-admin-ui] › e2e/forex-admin/ui-navigation.spec.ts:67:9 › Forex Admin UI navigation › page loads /forex/risk-control (49.6s)
  ✘  23 [forex-admin-ui] › e2e/forex-admin/ui-navigation.spec.ts:67:9 › Forex Admin UI navigation › page loads /forex/partners (50.1s)
  ✘  24 [forex-admin-ui] › e2e/forex-admin/ui-navigation.spec.ts:67:9 › Forex Admin UI navigation › page loads /forex/ledger (51.0s)
  ✘  25 [forex-admin-ui] › e2e/forex-admin/ui-navigation.spec.ts:67:9 › Forex Admin UI navigation › page loads /forex/controls (54.2s)
